array(
	'INSERT INTO table (col1, col2) VALUES (123, 456), (456, 789)',
	array(),
)